This is XeTeX, Version 3.141592653-2.6-0.999997 (TeX Live 2025) (preloaded format=xelatex 2025.3.8)  9 DEC 2025 15:41
entering extended mode
 restricted \write18 enabled.
 file:line:error style messages enabled.
 %&-line parsing enabled.
**"/Users/tate.carson/Documents/Artist Docs/CV/Carson.CV.tex"
(/Users/tate.carson/Documents/Artist Docs/CV/Carson.CV.tex
LaTeX2e <2024-11-01> patch level 2
L3 programming layer <2025-01-18>
(/usr/local/texlive/2025/texmf-dist/tex/latex/base/article.cls
Document Class: article 2024/06/29 v1.4n Standard LaTeX document class
(/usr/local/texlive/2025/texmf-dist/tex/latex/base/size12.clo
File: size12.clo 2024/06/29 v1.4n Standard LaTeX file (size option)
)
\c@part=\count192
\c@section=\count193
\c@subsection=\count194
\c@subsubsection=\count195
\c@paragraph=\count196
\c@subparagraph=\count197
\c@figure=\count198
\c@table=\count199
\abovecaptionskip=\skip49
\belowcaptionskip=\skip50
\bibindent=\dimen141
) (/usr/local/texlive/2025/texmf-dist/tex/latex/fontspec/fontspec.sty (/usr/local/texlive/2025/texmf-dist/tex/latex/l3packages/xparse/xparse.sty (/usr/local/texlive/2025/texmf-dist/tex/latex/l3kernel/expl3.sty
Package: expl3 2025-01-18 L3 programming layer (loader) 
 (/usr/local/texlive/2025/texmf-dist/tex/latex/l3backend/l3backend-xetex.def
File: l3backend-xetex.def 2024-05-08 L3 backend support: XeTeX
\g__graphics_track_int=\count266
\l__pdf_internal_box=\box52
\g__pdf_backend_annotation_int=\count267
\g__pdf_backend_link_int=\count268
))
Package: xparse 2024-08-16 L3 Experimental document command parser
)
Package: fontspec 2024/05/11 v2.9e Font selection for XeLaTeX and LuaLaTeX
 (/usr/local/texlive/2025/texmf-dist/tex/latex/fontspec/fontspec-xetex.sty
Package: fontspec-xetex 2024/05/11 v2.9e Font selection for XeLaTeX and LuaLaTeX
\l__fontspec_script_int=\count269
\l__fontspec_language_int=\count270
\l__fontspec_strnum_int=\count271
\l__fontspec_tmp_int=\count272
\l__fontspec_tmpa_int=\count273
\l__fontspec_tmpb_int=\count274
\l__fontspec_tmpc_int=\count275
\l__fontspec_em_int=\count276
\l__fontspec_emdef_int=\count277
\l__fontspec_strong_int=\count278
\l__fontspec_strongdef_int=\count279
\l__fontspec_tmpa_dim=\dimen142
\l__fontspec_tmpb_dim=\dimen143
\l__fontspec_tmpc_dim=\dimen144
 (/usr/local/texlive/2025/texmf-dist/tex/latex/base/fontenc.sty
Package: fontenc 2021/04/29 v2.0v Standard LaTeX package
) (/usr/local/texlive/2025/texmf-dist/tex/latex/fontspec/fontspec.cfg))) (/usr/local/texlive/2025/texmf-dist/tex/latex/geometry/geometry.sty
Package: geometry 2020/01/02 v5.9 Page Geometry
 (/usr/local/texlive/2025/texmf-dist/tex/latex/graphics/keyval.sty
Package: keyval 2022/05/29 v1.15 key=value parser (DPC)
\KV@toks@=\toks17
) (/usr/local/texlive/2025/texmf-dist/tex/generic/iftex/ifvtex.sty
Package: ifvtex 2019/10/25 v1.7 ifvtex legacy package. Use iftex instead.
 (/usr/local/texlive/2025/texmf-dist/tex/generic/iftex/iftex.sty
Package: iftex 2024/12/12 v1.0g TeX engine tests
))
\Gm@cnth=\count280
\Gm@cntv=\count281
\c@Gm@tempcnt=\count282
\Gm@bindingoffset=\dimen145
\Gm@wd@mp=\dimen146
\Gm@odd@mp=\dimen147
\Gm@even@mp=\dimen148
\Gm@layoutwidth=\dimen149
\Gm@layoutheight=\dimen150
\Gm@layouthoffset=\dimen151
\Gm@layoutvoffset=\dimen152
\Gm@dimlist=\toks18
) (/usr/local/texlive/2025/texmf-dist/tex/latex/xcolor/xcolor.sty
Package: xcolor 2024/09/29 v3.02 LaTeX color extensions (UK)
 (/usr/local/texlive/2025/texmf-dist/tex/latex/graphics-cfg/color.cfg
File: color.cfg 2016/01/02 v1.6 sample color configuration
)

Package xcolor Warning: Package option `usenames' is obsolete and ignored on input line 265.

Package xcolor Info: Driver file: xetex.def on input line 274.
(/usr/local/texlive/2025/texmf-dist/tex/latex/graphics-def/xetex.def
File: xetex.def 2022/09/22 v5.0n Graphics/color driver for xetex
) (/usr/local/texlive/2025/texmf-dist/tex/latex/graphics/mathcolor.ltx)
Package xcolor Info: Model `cmy' substituted by `cmy0' on input line 1349.
Package xcolor Info: Model `RGB' extended on input line 1365.
Package xcolor Info: Model `HTML' substituted by `rgb' on input line 1367.
Package xcolor Info: Model `Hsb' substituted by `hsb' on input line 1368.
Package xcolor Info: Model `tHsb' substituted by `hsb' on input line 1369.
Package xcolor Info: Model `HSB' substituted by `hsb' on input line 1370.
Package xcolor Info: Model `Gray' substituted by `gray' on input line 1371.
Package xcolor Info: Model `wave' substituted by `hsb' on input line 1372.
) (/usr/local/texlive/2025/texmf-dist/tex/latex/graphics/dvipsnam.def
File: dvipsnam.def 2016/06/17 v3.0m Driver-dependent file (DPC,SPQR)
) (/usr/local/texlive/2025/texmf-dist/tex/xelatex/xunicode/xunicode.sty
File: xunicode.sty 2011/09/09 v0.981 provides access to latin accents and many other characters in Unicode lower plane
 (/usr/local/texlive/2025/texmf-dist/tex/latex/tipa/t3enc.def
File: t3enc.def 2001/12/31 T3 encoding
)
\tipaTiiicode=\count283
\tipasavetokens=\toks19
\tipachecktokens=\toks20
 (/usr/local/texlive/2025/texmf-dist/tex/latex/graphics/graphicx.sty
Package: graphicx 2021/09/16 v1.2d Enhanced LaTeX Graphics (DPC,SPQR)
 (/usr/local/texlive/2025/texmf-dist/tex/latex/graphics/graphics.sty
Package: graphics 2024/08/06 v1.4g Standard LaTeX Graphics (DPC,SPQR)
 (/usr/local/texlive/2025/texmf-dist/tex/latex/graphics/trig.sty
Package: trig 2023/12/02 v1.11 sin cos tan (DPC)
) (/usr/local/texlive/2025/texmf-dist/tex/latex/graphics-cfg/graphics.cfg
File: graphics.cfg 2016/06/04 v1.11 sample graphics configuration
)
Package graphics Info: Driver file: xetex.def on input line 106.
)
\Gin@req@height=\dimen153
\Gin@req@width=\dimen154
)) (/usr/local/texlive/2025/texmf-dist/tex/xelatex/xltxtra/xltxtra.sty
Package: xltxtra 2018/12/31 v0.7 Improvements for the "XeLaTeX" format
 (/usr/local/texlive/2025/texmf-dist/tex/generic/iftex/ifluatex.sty
Package: ifluatex 2019/10/25 v1.5 ifluatex legacy package. Use iftex instead.
) (/usr/local/texlive/2025/texmf-dist/tex/generic/iftex/ifxetex.sty
Package: ifxetex 2019/10/25 v0.7 ifxetex legacy package. Use iftex instead.
) (/usr/local/texlive/2025/texmf-dist/tex/latex/realscripts/realscripts.sty
Package: realscripts 2016/02/13 v0.3d Access OpenType subscripts and superscripts
\subsupersep=\dimen155
) (/usr/local/texlive/2025/texmf-dist/tex/latex/metalogo/metalogo.sty
Package: metalogo 2010/05/29 v0.12 Extended TeX logo macros
\xl@everylogo=\toks21
\xl@@everylogo=\toks22
LaTeX Info: Redefining \TeX on input line 193.
LaTeX Info: Redefining \LaTeX on input line 202.
LaTeX Info: Redefining \LaTeXe on input line 219.
)
\l__xetex_show_hyphens_wrapping_box=\box53
\l__xetex_show_hyphens_temp_box=\box54
\l__xetex_show_hyphens_final_box=\box55
\g__xetex_show_hyphens_word_box=\box56
)

Package fontspec Info: 
(fontspec)             Font family 'LinLibertine_R.otf(0)' created for font
(fontspec)             'LinLibertine_R.otf' with options
(fontspec)             [Mapping=tex-text,Ligatures=TeX,Ligatures={Common},Numbers={OldStyle},Variant=01,BoldFont=LinLibertine_RB.otf,ItalicFont=LinLibertine_RI.otf,BoldItalicFont=LinLibertine_RBI.otf].
(fontspec)              
(fontspec)              This font family consists of the following NFSS
(fontspec)             series/shapes:
(fontspec)              
(fontspec)             - 'normal' (m/n) with NFSS spec.:
(fontspec)             <->"[LinLibertine_R.otf]/OT:script=latn;language=dflt;+liga;+onum;+ss01;mapping=tex-text;"
(fontspec)             - 'small caps'  (m/sc) with NFSS spec.:
(fontspec)             <->"[LinLibertine_R.otf]/OT:script=latn;language=dflt;+liga;+onum;+ss01;+smcp;mapping=tex-text;"
(fontspec)             - 'bold' (b/n) with NFSS spec.:
(fontspec)             <->"[LinLibertine_RB.otf]/OT:script=latn;language=dflt;+liga;+onum;+ss01;mapping=tex-text;"
(fontspec)             - 'bold small caps'  (b/sc) with NFSS spec.:
(fontspec)             <->"[LinLibertine_RB.otf]/OT:script=latn;language=dflt;+liga;+onum;+ss01;+smcp;mapping=tex-text;"
(fontspec)             - 'italic' (m/it) with NFSS spec.:
(fontspec)             <->"[LinLibertine_RI.otf]/OT:script=latn;language=dflt;+liga;+onum;+ss01;mapping=tex-text;"
(fontspec)             - 'italic small caps'  (m/scit) with NFSS spec.:
(fontspec)             <->"[LinLibertine_RI.otf]/OT:script=latn;language=dflt;+liga;+onum;+ss01;+smcp;mapping=tex-text;"
(fontspec)             - 'bold italic' (b/it) with NFSS spec.:
(fontspec)             <->"[LinLibertine_RBI.otf]/OT:script=latn;language=dflt;+liga;+onum;+ss01;mapping=tex-text;"
(fontspec)             - 'bold italic small caps'  (b/scit) with NFSS spec.:
(fontspec)             <->"[LinLibertine_RBI.otf]/OT:script=latn;language=dflt;+liga;+onum;+ss01;+smcp;mapping=tex-text;"


Package fontspec Info: 
(fontspec)             DejaVuSansMono scale = 0.8.


Package fontspec Info: 
(fontspec)             DejaVuSansMono scale = 0.8.


Package fontspec Info: 
(fontspec)             Font family 'DejaVuSansMono.ttf(0)' created for font
(fontspec)             'DejaVuSansMono.ttf' with options
(fontspec)             [Mapping=tex-text,WordSpace={1,0,0},HyphenChar=None,PunctuationSpace=WordSpace,Scale=0.8].
(fontspec)              
(fontspec)              This font family consists of the following NFSS
(fontspec)             series/shapes:
(fontspec)              
(fontspec)             - 'normal' (m/n) with NFSS spec.:
(fontspec)             <->s*[0.8]"[DejaVuSansMono.ttf]/OT:script=latn;language=dflt;mapping=tex-text;"

 (/usr/local/texlive/2025/texmf-dist/tex/latex/marginnote/marginnote.sty
Package: marginnote 2018/08/09 1.4b non floating margin notes for LaTeX
\c@mn@abspage=\count284
) (/usr/local/texlive/2025/texmf-dist/tex/latex/sectsty/sectsty.sty
Package: sectsty 2002/02/25 v2.0.2 Commands to change all sectional heading styles


LaTeX Warning: Command \underbar  has changed.
               Check if current package is valid.


LaTeX Warning: Command \underline  has changed.
               Check if current package is valid.

) (/usr/local/texlive/2025/texmf-dist/tex/generic/ulem/ulem.sty
\UL@box=\box57
\UL@hyphenbox=\box58
\UL@skip=\skip51
\UL@hook=\toks23
\UL@height=\dimen156
\UL@pe=\count285
\UL@pixel=\dimen157
\ULC@box=\box59
Package: ulem 2019/11/18
\ULdepth=\dimen158
) (/usr/local/texlive/2025/texmf-dist/tex/latex/hyperref/hyperref.sty
Package: hyperref 2024-11-05 v7.01l Hypertext links for LaTeX
 (/usr/local/texlive/2025/texmf-dist/tex/latex/kvsetkeys/kvsetkeys.sty
Package: kvsetkeys 2022-10-05 v1.19 Key value parser (HO)
) (/usr/local/texlive/2025/texmf-dist/tex/generic/kvdefinekeys/kvdefinekeys.sty
Package: kvdefinekeys 2019-12-19 v1.6 Define keys (HO)
) (/usr/local/texlive/2025/texmf-dist/tex/generic/pdfescape/pdfescape.sty
Package: pdfescape 2019/12/09 v1.15 Implements pdfTeX's escape features (HO)
 (/usr/local/texlive/2025/texmf-dist/tex/generic/ltxcmds/ltxcmds.sty
Package: ltxcmds 2023-12-04 v1.26 LaTeX kernel commands for general use (HO)
) (/usr/local/texlive/2025/texmf-dist/tex/generic/pdftexcmds/pdftexcmds.sty
Package: pdftexcmds 2020-06-27 v0.33 Utility functions of pdfTeX for LuaTeX (HO)
 (/usr/local/texlive/2025/texmf-dist/tex/generic/infwarerr/infwarerr.sty
Package: infwarerr 2019/12/03 v1.5 Providing info/warning/error messages (HO)
)
Package pdftexcmds Info: \pdf@primitive is available.
Package pdftexcmds Info: \pdf@ifprimitive is available.
Package pdftexcmds Info: \pdfdraftmode not found.
)) (/usr/local/texlive/2025/texmf-dist/tex/latex/hycolor/hycolor.sty
Package: hycolor 2020-01-27 v1.10 Color options for hyperref/bookmark (HO)
) (/usr/local/texlive/2025/texmf-dist/tex/latex/hyperref/nameref.sty
Package: nameref 2023-11-26 v2.56 Cross-referencing by name of section
 (/usr/local/texlive/2025/texmf-dist/tex/latex/refcount/refcount.sty
Package: refcount 2019/12/15 v3.6 Data extraction from label references (HO)
) (/usr/local/texlive/2025/texmf-dist/tex/generic/gettitlestring/gettitlestring.sty
Package: gettitlestring 2019/12/15 v1.6 Cleanup title references (HO)
 (/usr/local/texlive/2025/texmf-dist/tex/latex/kvoptions/kvoptions.sty
Package: kvoptions 2022-06-15 v3.15 Key value format for package options (HO)
))
\c@section@level=\count286
) (/usr/local/texlive/2025/texmf-dist/tex/latex/etoolbox/etoolbox.sty
Package: etoolbox 2025/02/11 v2.5l e-TeX tools for LaTeX (JAW)
\etb@tempcnta=\count287
) (/usr/local/texlive/2025/texmf-dist/tex/generic/stringenc/stringenc.sty
Package: stringenc 2019/11/29 v1.12 Convert strings between diff. encodings (HO)
)
\@linkdim=\dimen159
\Hy@linkcounter=\count288
\Hy@pagecounter=\count289
 (/usr/local/texlive/2025/texmf-dist/tex/latex/hyperref/pd1enc.def
File: pd1enc.def 2024-11-05 v7.01l Hyperref: PDFDocEncoding definition (HO)
) (/usr/local/texlive/2025/texmf-dist/tex/generic/intcalc/intcalc.sty
Package: intcalc 2019/12/15 v1.3 Expandable calculations with integers (HO)
)
\Hy@SavedSpaceFactor=\count290
 (/usr/local/texlive/2025/texmf-dist/tex/latex/hyperref/puenc.def
File: puenc.def 2024-11-05 v7.01l Hyperref: PDF Unicode definition (HO)
 (/usr/local/texlive/2025/texmf-dist/tex/latex/greek-fontenc/puenc-greek.def
File: puenc-greek.def 2023-09-12 2.5 Greek LICRs for PDF strings
 (/usr/local/texlive/2025/texmf-dist/tex/latex/greek-fontenc/greek-fontenc.def
File: greek-fontenc.def 2023-09-12 2.5 Common Greek font encoding definitions
)))
Package hyperref Info: Option `bookmarks' set `true' on input line 4040.
Package hyperref Info: Option `colorlinks' set `true' on input line 4040.
Package hyperref Info: Option `breaklinks' set `true' on input line 4040.
Package hyperref Info: Hyper figures OFF on input line 4157.
Package hyperref Info: Link nesting OFF on input line 4162.
Package hyperref Info: Hyper index ON on input line 4165.
Package hyperref Info: Plain pages OFF on input line 4172.
Package hyperref Info: Backreferencing OFF on input line 4177.
Package hyperref Info: Implicit mode ON; LaTeX internals redefined.
Package hyperref Info: Bookmarks ON on input line 4424.
\c@Hy@tempcnt=\count291
 (/usr/local/texlive/2025/texmf-dist/tex/latex/url/url.sty
\Urlmuskip=\muskip17
Package: url 2013/09/16  ver 3.4  Verb mode for urls, etc.
)
LaTeX Info: Redefining \url on input line 4763.
\XeTeXLinkMargin=\dimen160
 (/usr/local/texlive/2025/texmf-dist/tex/generic/bitset/bitset.sty
Package: bitset 2019/12/09 v1.3 Handle bit-vector datatype (HO)
 (/usr/local/texlive/2025/texmf-dist/tex/generic/bigintcalc/bigintcalc.sty
Package: bigintcalc 2019/12/15 v1.5 Expandable calculations on big integers (HO)
))
\Fld@menulength=\count292
\Field@Width=\dimen161
\Fld@charsize=\dimen162
Package hyperref Info: Hyper figures OFF on input line 6042.
Package hyperref Info: Link nesting OFF on input line 6047.
Package hyperref Info: Hyper index ON on input line 6050.
Package hyperref Info: backreferencing OFF on input line 6057.
Package hyperref Info: Link coloring ON on input line 6060.
Package hyperref Info: Link coloring with OCG OFF on input line 6067.
Package hyperref Info: PDF/A mode OFF on input line 6072.
 (/usr/local/texlive/2025/texmf-dist/tex/latex/base/atbegshi-ltx.sty
Package: atbegshi-ltx 2021/01/10 v1.0c Emulation of the original atbegshi
package with kernel methods
)
\Hy@abspage=\count293
\c@Item=\count294
\c@Hfootnote=\count295
)
Package hyperref Info: Driver (autodetected): hxetex.
 (/usr/local/texlive/2025/texmf-dist/tex/latex/hyperref/hxetex.def
File: hxetex.def 2024-11-05 v7.01l Hyperref driver for XeTeX
\pdfm@box=\box60
\c@Hy@AnnotLevel=\count296
\HyField@AnnotCount=\count297
\Fld@listcount=\count298
\c@bookmark@seq@number=\count299
 (/usr/local/texlive/2025/texmf-dist/tex/latex/rerunfilecheck/rerunfilecheck.sty
Package: rerunfilecheck 2022-07-10 v1.10 Rerun checks for auxiliary files (HO)
 (/usr/local/texlive/2025/texmf-dist/tex/latex/base/atveryend-ltx.sty
Package: atveryend-ltx 2020/08/19 v1.0a Emulation of the original atveryend package
with kernel methods
) (/usr/local/texlive/2025/texmf-dist/tex/generic/uniquecounter/uniquecounter.sty
Package: uniquecounter 2019/12/15 v1.4 Provide unlimited unique counter (HO)
)
Package uniquecounter Info: New unique counter `rerunfilecheck' on input line 285.
)
\Hy@SectionHShift=\skip52
) (/usr/local/texlive/2025/texmf-dist/tex/latex/nowidow/nowidow.sty
Package: nowidow 2011/09/20 1.0 Easily prevent widows and orphans
Package: nowidow 
) (/usr/local/texlive/2025/texmf-dist/tex/latex/lastpage/lastpage.sty
Package: lastpage 2025/01/27 v2.1e lastpage: 2.09 or 2e? (HMM)
 (/usr/local/texlive/2025/texmf-dist/tex/latex/lastpage/lastpage2e.sty
Package: lastpage2e 2025/01/27 v2.1e Decide which 2e lastpage version to use (HMM)
 (/usr/local/texlive/2025/texmf-dist/tex/latex/lastpage/lastpagemodern.sty
Package: lastpagemodern 2025-01-27 v2.1e Refers to last page's name (HMM; JPG)
\c@lastpagecount=\count300
) 
)) (/usr/local/texlive/2025/texmf-dist/tex/latex/fancyhdr/fancyhdr.sty
Package: fancyhdr 2025/02/07 v5.2 Extensive control of page headers and footers
\f@nch@headwidth=\skip53
\f@nch@offset@elh=\skip54
\f@nch@offset@erh=\skip55
\f@nch@offset@olh=\skip56
\f@nch@offset@orh=\skip57
\f@nch@offset@elf=\skip58
\f@nch@offset@erf=\skip59
\f@nch@offset@olf=\skip60
\f@nch@offset@orf=\skip61
\f@nch@height=\skip62
\f@nch@footalignment=\skip63
\f@nch@widthL=\skip64
\f@nch@widthC=\skip65
\f@nch@widthR=\skip66
\@temptokenb=\toks24
) (/usr/local/texlive/2025/texmf-dist/tex/latex/microtype/microtype.sty
Package: microtype 2025/02/11 v3.2a Micro-typographical refinements (RS)
\MT@toks=\toks25
\MT@tempbox=\box61
\MT@count=\count301
LaTeX Info: Redefining \noprotrusionifhmode on input line 1087.
LaTeX Info: Redefining \leftprotrusion on input line 1088.
\MT@prot@toks=\toks26
LaTeX Info: Redefining \rightprotrusion on input line 1107.
LaTeX Info: Redefining \textls on input line 1449.
\MT@outer@kern=\dimen163
LaTeX Info: Redefining \microtypecontext on input line 2053.
LaTeX Info: Redefining \textmicrotypecontext on input line 2070.
\MT@listname@count=\count302
 (/usr/local/texlive/2025/texmf-dist/tex/latex/microtype/microtype-xetex.def
File: microtype-xetex.def 2025/02/11 v3.2a Definitions specific to xetex (RS)
LaTeX Info: Redefining \lsstyle on input line 443.
LaTeX Info: Redefining \lslig on input line 451.
\MT@outer@space=\skip67
)
Package microtype Info: Loading configuration file microtype.cfg.
 (/usr/local/texlive/2025/texmf-dist/tex/latex/microtype/microtype.cfg
File: microtype.cfg 2025/02/11 v3.2a microtype main configuration file (RS)
)
LaTeX Info: Redefining \microtypesetup on input line 3065.
) (/usr/local/texlive/2025/texmf-dist/tex/latex/eurosym/eurosym.sty
Package: eurosym 1998/08/06 v1.1 European currency symbol ``Euro''
\@eurobox=\box62
) (./Carson.CV.aux)
\openout1 = `Carson.CV.aux'.

LaTeX Font Info:    Checking defaults for OML/cmm/m/it on input line 101.
LaTeX Font Info:    ... okay on input line 101.
LaTeX Font Info:    Checking defaults for OMS/cmsy/m/n on input line 101.
LaTeX Font Info:    ... okay on input line 101.
LaTeX Font Info:    Checking defaults for OT1/cmr/m/n on input line 101.
LaTeX Font Info:    ... okay on input line 101.
LaTeX Font Info:    Checking defaults for T1/cmr/m/n on input line 101.
LaTeX Font Info:    ... okay on input line 101.
LaTeX Font Info:    Checking defaults for TS1/cmr/m/n on input line 101.
LaTeX Font Info:    ... okay on input line 101.
LaTeX Font Info:    Checking defaults for TU/lmr/m/n on input line 101.
LaTeX Font Info:    ... okay on input line 101.
LaTeX Font Info:    Checking defaults for OMX/cmex/m/n on input line 101.
LaTeX Font Info:    ... okay on input line 101.
LaTeX Font Info:    Checking defaults for U/cmr/m/n on input line 101.
LaTeX Font Info:    ... okay on input line 101.
LaTeX Font Info:    Checking defaults for T3/cmr/m/n on input line 101.
LaTeX Font Info:    Trying to load font information for T3+cmr on input line 101.
 (/usr/local/texlive/2025/texmf-dist/tex/latex/tipa/t3cmr.fd
File: t3cmr.fd 2001/12/31 TIPA font definitions
)
LaTeX Font Info:    ... okay on input line 101.
LaTeX Font Info:    Checking defaults for PD1/pdf/m/n on input line 101.
LaTeX Font Info:    ... okay on input line 101.
LaTeX Font Info:    Checking defaults for PU/pdf/m/n on input line 101.
LaTeX Font Info:    ... okay on input line 101.

Package fontspec Info: 
(fontspec)             Adjusting the maths setup (use [no-math] to avoid
(fontspec)             this).

\symlegacymaths=\mathgroup4
LaTeX Font Info:    Overwriting symbol font `legacymaths' in version `bold'
(Font)                  OT1/cmr/m/n --> OT1/cmr/bx/n on input line 101.
LaTeX Font Info:    Redeclaring math accent \acute on input line 101.
LaTeX Font Info:    Redeclaring math accent \grave on input line 101.
LaTeX Font Info:    Redeclaring math accent \ddot on input line 101.
LaTeX Font Info:    Redeclaring math accent \tilde on input line 101.
LaTeX Font Info:    Redeclaring math accent \bar on input line 101.
LaTeX Font Info:    Redeclaring math accent \breve on input line 101.
LaTeX Font Info:    Redeclaring math accent \check on input line 101.
LaTeX Font Info:    Redeclaring math accent \hat on input line 101.
LaTeX Font Info:    Redeclaring math accent \dot on input line 101.
LaTeX Font Info:    Redeclaring math accent \mathring on input line 101.
LaTeX Font Info:    Redeclaring math symbol \colon on input line 101.
LaTeX Font Info:    Redeclaring math symbol \Gamma on input line 101.
LaTeX Font Info:    Redeclaring math symbol \Delta on input line 101.
LaTeX Font Info:    Redeclaring math symbol \Theta on input line 101.
LaTeX Font Info:    Redeclaring math symbol \Lambda on input line 101.
LaTeX Font Info:    Redeclaring math symbol \Xi on input line 101.
LaTeX Font Info:    Redeclaring math symbol \Pi on input line 101.
LaTeX Font Info:    Redeclaring math symbol \Sigma on input line 101.
LaTeX Font Info:    Redeclaring math symbol \Upsilon on input line 101.
LaTeX Font Info:    Redeclaring math symbol \Phi on input line 101.
LaTeX Font Info:    Redeclaring math symbol \Psi on input line 101.
LaTeX Font Info:    Redeclaring math symbol \Omega on input line 101.
LaTeX Font Info:    Redeclaring math symbol \mathdollar on input line 101.
LaTeX Font Info:    Redeclaring symbol font `operators' on input line 101.
LaTeX Font Info:    Encoding `OT1' has changed to `TU' for symbol font
(Font)              `operators' in the math version `normal' on input line 101.
LaTeX Font Info:    Overwriting symbol font `operators' in version `normal'
(Font)                  OT1/cmr/m/n --> TU/LinLibertine_R.otf(0)/m/n on input line 101.
LaTeX Font Info:    Encoding `OT1' has changed to `TU' for symbol font
(Font)              `operators' in the math version `bold' on input line 101.
LaTeX Font Info:    Overwriting symbol font `operators' in version `bold'
(Font)                  OT1/cmr/bx/n --> TU/LinLibertine_R.otf(0)/m/n on input line 101.
LaTeX Font Info:    Overwriting symbol font `operators' in version `normal'
(Font)                  TU/LinLibertine_R.otf(0)/m/n --> TU/LinLibertine_R.otf(0)/m/n on input line 101.
LaTeX Font Info:    Overwriting math alphabet `\mathit' in version `normal'
(Font)                  OT1/cmr/m/it --> TU/LinLibertine_R.otf(0)/m/it on input line 101.
LaTeX Font Info:    Overwriting math alphabet `\mathbf' in version `normal'
(Font)                  OT1/cmr/bx/n --> TU/LinLibertine_R.otf(0)/b/n on input line 101.
LaTeX Font Info:    Overwriting math alphabet `\mathsf' in version `normal'
(Font)                  OT1/cmss/m/n --> TU/lmss/m/n on input line 101.
LaTeX Font Info:    Overwriting math alphabet `\mathtt' in version `normal'
(Font)                  OT1/cmtt/m/n --> TU/DejaVuSansMono.ttf(0)/m/n on input line 101.
LaTeX Font Info:    Overwriting symbol font `operators' in version `bold'
(Font)                  TU/LinLibertine_R.otf(0)/m/n --> TU/LinLibertine_R.otf(0)/b/n on input line 101.
LaTeX Font Info:    Overwriting math alphabet `\mathit' in version `bold'
(Font)                  OT1/cmr/bx/it --> TU/LinLibertine_R.otf(0)/b/it on input line 101.
LaTeX Font Info:    Overwriting math alphabet `\mathsf' in version `bold'
(Font)                  OT1/cmss/bx/n --> TU/lmss/b/n on input line 101.
LaTeX Font Info:    Overwriting math alphabet `\mathtt' in version `bold'
(Font)                  OT1/cmtt/m/n --> TU/DejaVuSansMono.ttf(0)/b/n on input line 101.

*geometry* driver: auto-detecting
*geometry* detected driver: xetex
*geometry* verbose mode - [ preamble ] result:
* driver: xetex
* paper: a4paper
* layout: <same size as paper>
* layoutoffset:(h,v)=(0.0pt,0.0pt)
* modes: 
* h-part:(L,W,R)=(100.01144pt, 397.48499pt, 100.01144pt)
* v-part:(T,H,B)=(92.30072pt, 614.295pt, 138.45113pt)
* \paperwidth=597.50787pt
* \paperheight=845.04684pt
* \textwidth=397.48499pt
* \textheight=614.295pt
* \oddsidemargin=27.74146pt
* \evensidemargin=27.74146pt
* \topmargin=-16.96927pt
* \headheight=12.0pt
* \headsep=25.0pt
* \topskip=12.0pt
* \footskip=30.0pt
* \marginparwidth=50.58878pt
* \marginparsep=8.0pt
* \columnsep=10.0pt
* \skip\footins=10.8pt plus 4.0pt minus 2.0pt
* \hoffset=0.0pt
* \voffset=0.0pt
* \mag=1000
* \@twocolumnfalse
* \@twosidefalse
* \@mparswitchfalse
* \@reversemargintrue
* (1in=72.27pt=25.4mm, 1cm=28.453pt)

Package hyperref Info: Link coloring ON on input line 101.
(./Carson.CV.out) (./Carson.CV.out)
\@outlinefile=\write3
\openout3 = `Carson.CV.out'.

LaTeX Info: Redefining \microtypecontext on input line 101.
Package microtype Info: Applying patch `item' on input line 101.
Package microtype Info: Applying patch `toc' on input line 101.
Package microtype Info: Applying patch `eqnum' on input line 101.
Package microtype Info: Applying patch `footnote' on input line 101.
Package microtype Info: Applying patch `verbatim' on input line 101.
LaTeX Info: Redefining \microtypesetup on input line 101.
Package microtype Info: Character protrusion enabled (level 2).
Package microtype Info: Using default protrusion set `alltext'.
Package microtype Info: No adjustment of tracking.
Package microtype Info: No adjustment of spacing.
Package microtype Info: No adjustment of kerning.
Package microtype Info: Loading generic protrusion settings for font family
(microtype)             `LinLibertine_R.otf' (encoding: TU).
(microtype)             For optimal results, create family-specific settings.
(microtype)             See the microtype manual for details.

Underfull \hbox (badness 10000) in paragraph at lines 110--115

 []

Package marginnote Info: Margin note 1.1 is on absolute page 1 on input line 129.
Package marginnote Info: right page because not two side mode on input line 129.
Package marginnote Info: xpos seems to be 100.01144pt on input line 129.
Package marginnote Info: Margin note 1.2 is on absolute page 1 on input line 132.
Package marginnote Info: right page because not two side mode on input line 132.
Package marginnote Info: xpos seems to be 100.01144pt on input line 132.
Package marginnote Info: Margin note 1.3 is on absolute page 1 on input line 134.
Package marginnote Info: right page because not two side mode on input line 134.
Package marginnote Info: xpos seems to be 100.01144pt on input line 134.
Package marginnote Info: Margin note 1.4 is on absolute page 1 on input line 135.
Package marginnote Info: right page because not two side mode on input line 135.
Package marginnote Info: xpos seems to be 100.01144pt on input line 135.
Package marginnote Info: Margin note 1.5 is on absolute page 1 on input line 139.
Package marginnote Info: right page because not two side mode on input line 139.
Package marginnote Info: xpos seems to be 100.01144pt on input line 139.
Package marginnote Info: Margin note 1.6 is on absolute page 1 on input line 144.
Package marginnote Info: right page because not two side mode on input line 144.
Package marginnote Info: xpos seems to be 100.01144pt on input line 144.

Underfull \hbox (badness 10000) in paragraph at lines 143--145

 []

Package marginnote Info: Margin note 1.7 is on absolute page 2 on input line 147.
Package marginnote Info: right page because not two side mode on input line 147.
Package marginnote Info: xpos seems to be 100.01144pt on input line 147.

Underfull \hbox (badness 10000) in paragraph at lines 146--148

 []



LaTeX Font Info:    Font shape `TU/LinLibertine_R.otf(0)/m/sl' in size <12> not available
(Font)              Font shape `TU/LinLibertine_R.otf(0)/m/it' tried instead on input line 148.

Package fancyhdr Warning: \headheight is too small (12.0pt): 
(fancyhdr)                Make it at least 14.49998pt, for example:
(fancyhdr)                \setlength{\headheight}{14.49998pt}.
(fancyhdr)                You might also make \topmargin smaller:
(fancyhdr)                \addtolength{\topmargin}{-2.49998pt}.

[1

]
Package marginnote Info: Margin note 2.1 is on absolute page 2 on input line 152.
Package marginnote Info: right page because not two side mode on input line 152.
Package marginnote Info: xpos seems to be 100.01144pt on input line 152.
Package marginnote Info: Margin note 2.2 is on absolute page 2 on input line 154.
Package marginnote Info: right page because not two side mode on input line 154.
Package marginnote Info: xpos seems to be 100.01144pt on input line 154.
Package marginnote Info: Margin note 2.3 is on absolute page 2 on input line 155.
Package marginnote Info: right page because not two side mode on input line 155.
Package marginnote Info: xpos seems to be 100.01144pt on input line 155.
Package marginnote Info: Margin note 2.4 is on absolute page 2 on input line 157.
Package marginnote Info: right page because not two side mode on input line 157.
Package marginnote Info: xpos seems to be 100.01144pt on input line 157.
Package marginnote Info: Margin note 2.5 is on absolute page 2 on input line 161.
Package marginnote Info: right page because not two side mode on input line 161.
Package marginnote Info: xpos seems to be 100.01144pt on input line 161.

Overfull \hbox (5.45541pt too wide) in paragraph at lines 152--163
|[]\TU/LinLibertine_R.otf(0)/m/n/12 Carson, Tate. 2018. “A More Perfect Union: Composition with Audience-Controlled
 []

Package marginnote Info: Margin note 2.6 is on absolute page 2 on input line 165.
Package marginnote Info: right page because not two side mode on input line 165.
Package marginnote Info: xpos seems to be 100.01144pt on input line 165.

Package fontspec Info: 
(fontspec)             Font family 'LinLibertine_R.otf(1)' created for font
(fontspec)             'LinLibertine_R.otf' with options
(fontspec)             [Mapping=tex-text,Ligatures=TeX,Ligatures={Common},Numbers={OldStyle},Variant=01,BoldFont=LinLibertine_RB.otf,ItalicFont=LinLibertine_RI.otf,BoldItalicFont=LinLibertine_RBI.otf,VerticalPosition=Superior].
(fontspec)              
(fontspec)              This font family consists of the following NFSS
(fontspec)             series/shapes:
(fontspec)              
(fontspec)             - 'normal' (m/n) with NFSS spec.:
(fontspec)             <->"[LinLibertine_R.otf]/OT:script=latn;language=dflt;+liga;+onum;+ss01;+sups;mapping=tex-text;"
(fontspec)             - 'small caps'  (m/sc) with NFSS spec.:
(fontspec)             <->"[LinLibertine_R.otf]/OT:script=latn;language=dflt;+liga;+onum;+ss01;+sups;+smcp;mapping=tex-text;"
(fontspec)             - 'bold' (b/n) with NFSS spec.:
(fontspec)             <->"[LinLibertine_RB.otf]/OT:script=latn;language=dflt;+liga;+onum;+ss01;+sups;mapping=tex-text;"
(fontspec)             - 'bold small caps'  (b/sc) with NFSS spec.:
(fontspec)             <->"[LinLibertine_RB.otf]/OT:script=latn;language=dflt;+liga;+onum;+ss01;+sups;+smcp;mapping=tex-text;"
(fontspec)             - 'italic' (m/it) with NFSS spec.:
(fontspec)             <->"[LinLibertine_RI.otf]/OT:script=latn;language=dflt;+liga;+onum;+ss01;+sups;mapping=tex-text;"
(fontspec)             - 'italic small caps'  (m/scit) with NFSS spec.:
(fontspec)             <->"[LinLibertine_RI.otf]/OT:script=latn;language=dflt;+liga;+onum;+ss01;+sups;+smcp;mapping=tex-text;"
(fontspec)             - 'bold italic' (b/it) with NFSS spec.:
(fontspec)             <->"[LinLibertine_RBI.otf]/OT:script=latn;language=dflt;+liga;+onum;+ss01;+sups;mapping=tex-text;"
(fontspec)             - 'bold italic small caps'  (b/scit) with NFSS spec.:
(fontspec)             <->"[LinLibertine_RBI.otf]/OT:script=latn;language=dflt;+liga;+onum;+ss01;+sups;+smcp;mapping=tex-text;"

Package marginnote Info: Margin note 2.7 is on absolute page 3 on input line 168.
Package marginnote Info: right page because not two side mode on input line 168.
Package marginnote Info: xpos seems to be 100.01144pt on input line 168.



Package fancyhdr Warning: \headheight is too small (12.0pt): 
(fancyhdr)                Make it at least 14.49998pt, for example:
(fancyhdr)                \setlength{\headheight}{14.49998pt}.
(fancyhdr)                You might also make \topmargin smaller:
(fancyhdr)                \addtolength{\topmargin}{-2.49998pt}.

[2]
Package marginnote Info: Margin note 3.1 is on absolute page 3 on input line 169.
Package marginnote Info: right page because not two side mode on input line 169.
Package marginnote Info: xpos seems to be 100.01144pt on input line 169.
Package marginnote Info: Margin note 3.2 is on absolute page 3 on input line 174.
Package marginnote Info: right page because not two side mode on input line 174.
Package marginnote Info: xpos seems to be 100.01144pt on input line 174.
Package marginnote Info: Margin note 3.3 is on absolute page 3 on input line 175.
Package marginnote Info: right page because not two side mode on input line 175.
Package marginnote Info: xpos seems to be 100.01144pt on input line 175.
Package marginnote Info: Margin note 3.4 is on absolute page 3 on input line 176.
Package marginnote Info: right page because not two side mode on input line 176.
Package marginnote Info: xpos seems to be 100.01144pt on input line 176.
Package marginnote Info: Margin note 3.5 is on absolute page 3 on input line 179.
Package marginnote Info: right page because not two side mode on input line 179.
Package marginnote Info: xpos seems to be 100.01144pt on input line 179.

Overfull \hbox (12.01804pt too wide) in paragraph at lines 174--181
|[]\TU/LinLibertine_R.otf(0)/m/n/12 “A More Perfect Union: Composition with Audience-Controlled Smartphone Speaker
 []


Underfull \hbox (badness 10000) in paragraph at lines 174--181

 []

Package marginnote Info: Margin note 3.6 is on absolute page 3 on input line 183.
Package marginnote Info: right page because not two side mode on input line 183.
Package marginnote Info: xpos seems to be 100.01144pt on input line 183.
Package marginnote Info: Margin note 3.7 is on absolute page 3 on input line 184.
Package marginnote Info: right page because not two side mode on input line 184.
Package marginnote Info: xpos seems to be 100.01144pt on input line 184.

Underfull \hbox (badness 10000) in paragraph at lines 183--185

 []




Package fancyhdr Warning: \headheight is too small (12.0pt): 
(fancyhdr)                Make it at least 14.49998pt, for example:
(fancyhdr)                \setlength{\headheight}{14.49998pt}.
(fancyhdr)                You might also make \topmargin smaller:
(fancyhdr)                \addtolength{\topmargin}{-2.49998pt}.

[3]
Package marginnote Info: Margin note 4.1 is on absolute page 4 on input line 189.
Package marginnote Info: right page because not two side mode on input line 189.
Package marginnote Info: xpos seems to be 100.01144pt on input line 189.

Overfull \hbox (0.99002pt too wide) in paragraph at lines 189--190
\TU/LinLibertine_R.otf(0)/m/n/12 “A more perfect union: Composition with audience-controlled smartphone speaker
 []


Underfull \hbox (badness 10000) in paragraph at lines 189--190

 []

Package marginnote Info: Margin note 4.2 is on absolute page 4 on input line 192.
Package marginnote Info: right page because not two side mode on input line 192.
Package marginnote Info: xpos seems to be 100.01144pt on input line 192.

Underfull \hbox (badness 10000) in paragraph at lines 192--194

 []


Underfull \hbox (badness 10000) in paragraph at lines 202--215

 []


Underfull \hbox (badness 10000) in paragraph at lines 217--219

 []


Underfull \hbox (badness 10000) in paragraph at lines 221--224

 []




Package fancyhdr Warning: \headheight is too small (12.0pt): 
(fancyhdr)                Make it at least 14.49998pt, for example:
(fancyhdr)                \setlength{\headheight}{14.49998pt}.
(fancyhdr)                You might also make \topmargin smaller:
(fancyhdr)                \addtolength{\topmargin}{-2.49998pt}.

[4]
Package marginnote Info: Margin note 5.1 is on absolute page 5 on input line 235.
Package marginnote Info: right page because not two side mode on input line 235.
Package marginnote Info: xpos seems to be 100.01144pt on input line 235.
Package marginnote Info: Margin note 5.2 is on absolute page 5 on input line 236.
Package marginnote Info: right page because not two side mode on input line 236.
Package marginnote Info: xpos seems to be 100.01144pt on input line 236.
Package marginnote Info: Margin note 5.3 is on absolute page 5 on input line 237.
Package marginnote Info: right page because not two side mode on input line 237.
Package marginnote Info: xpos seems to be 100.01144pt on input line 237.
Package marginnote Info: Margin note 5.4 is on absolute page 5 on input line 238.
Package marginnote Info: right page because not two side mode on input line 238.
Package marginnote Info: xpos seems to be 100.01144pt on input line 238.
Package marginnote Info: Margin note 5.5 is on absolute page 5 on input line 239.
Package marginnote Info: right page because not two side mode on input line 239.
Package marginnote Info: xpos seems to be 100.01144pt on input line 239.

Underfull \hbox (badness 10000) in paragraph at lines 235--240

 []

Package marginnote Info: Margin note 5.6 is on absolute page 5 on input line 244.
Package marginnote Info: right page because not two side mode on input line 244.
Package marginnote Info: xpos seems to be 100.01144pt on input line 244.
Package marginnote Info: Margin note 5.7 is on absolute page 5 on input line 246.
Package marginnote Info: right page because not two side mode on input line 246.
Package marginnote Info: xpos seems to be 100.01144pt on input line 246.
Package marginnote Info: Margin note 5.8 is on absolute page 5 on input line 250.
Package marginnote Info: right page because not two side mode on input line 250.
Package marginnote Info: xpos seems to be 100.01144pt on input line 250.
Package marginnote Info: Margin note 5.9 is on absolute page 6 on input line 261.
Package marginnote Info: right page because not two side mode on input line 261.
Package marginnote Info: xpos seems to be 100.01144pt on input line 261.
Package marginnote Info: Margin note 5.10 is on absolute page 6 on input line 269.
Package marginnote Info: right page because not two side mode on input line 269.
Package marginnote Info: xpos seems to be 100.01144pt on input line 269.



Package fancyhdr Warning: \headheight is too small (12.0pt): 
(fancyhdr)                Make it at least 14.49998pt, for example:
(fancyhdr)                \setlength{\headheight}{14.49998pt}.
(fancyhdr)                You might also make \topmargin smaller:
(fancyhdr)                \addtolength{\topmargin}{-2.49998pt}.

[5]
Package marginnote Info: Margin note 6.1 is on absolute page 6 on input line 280.
Package marginnote Info: right page because not two side mode on input line 280.
Package marginnote Info: xpos seems to be 100.01144pt on input line 280.
Package marginnote Info: Margin note 6.2 is on absolute page 6 on input line 281.
Package marginnote Info: right page because not two side mode on input line 281.
Package marginnote Info: xpos seems to be 100.01144pt on input line 281.
Package marginnote Info: Margin note 6.3 is on absolute page 6 on input line 283.
Package marginnote Info: right page because not two side mode on input line 283.
Package marginnote Info: xpos seems to be 100.01144pt on input line 283.
Package marginnote Info: Margin note 6.4 is on absolute page 6 on input line 284.
Package marginnote Info: right page because not two side mode on input line 284.
Package marginnote Info: xpos seems to be 100.01144pt on input line 284.

Overfull \hbox (58.15105pt too wide) in paragraph at lines 280--285
|[]\TU/LinLibertine_R.otf(0)/m/it/12 immaterial.cloud\TU/LinLibertine_R.otf(0)/m/n/12 , New Interfaces for Musical Expression, online at https://nime2020.bcu.ac.uk/,
 []


Overfull \hbox (16.62703pt too wide) in paragraph at lines 280--285
\TU/LinLibertine_R.otf(0)/m/it/12 immaterial.cloud\TU/LinLibertine_R.otf(0)/m/n/12 , Network Music Festival, online at https://networkmusicfestival.org/,
 []


Overfull \hbox (0.94336pt too wide) in paragraph at lines 280--285
|[]\TU/LinLibertine_R.otf(0)/m/it/12 A more perfect union\TU/LinLibertine_R.otf(0)/m/n/12 , Web Audio Conference, Technical University of Berlin; Berlin,
 []

Package marginnote Info: Margin note 6.5 is on absolute page 6 on input line 287.
Package marginnote Info: right page because not two side mode on input line 287.
Package marginnote Info: xpos seems to be 100.01144pt on input line 287.
Package marginnote Info: Margin note 6.6 is on absolute page 7 on input line 288.
Package marginnote Info: right page because not two side mode on input line 288.
Package marginnote Info: xpos seems to be 100.01144pt on input line 288.
Package marginnote Info: Margin note 6.7 is on absolute page 7 on input line 289.
Package marginnote Info: right page because not two side mode on input line 289.
Package marginnote Info: xpos seems to be 100.01144pt on input line 289.
Package marginnote Info: Margin note 6.8 is on absolute page 7 on input line 290.
Package marginnote Info: right page because not two side mode on input line 290.
Package marginnote Info: xpos seems to be 100.01144pt on input line 290.
Package marginnote Info: Margin note 6.9 is on absolute page 7 on input line 295.
Package marginnote Info: right page because not two side mode on input line 295.
Package marginnote Info: xpos seems to be 100.01144pt on input line 295.
Package marginnote Info: Margin note 6.10 is on absolute page 7 on input line 301.
Package marginnote Info: right page because not two side mode on input line 301.
Package marginnote Info: xpos seems to be 100.01144pt on input line 301.
Package marginnote Info: Margin note 6.11 is on absolute page 7 on input line 308.
Package marginnote Info: right page because not two side mode on input line 308.
Package marginnote Info: xpos seems to be 100.01144pt on input line 308.

Overfull \hbox (5.3764pt too wide) in paragraph at lines 287--309
|[]\TU/LinLibertine_R.otf(0)/m/it/12 And the water receded\TU/LinLibertine_R.otf(0)/m/n/12 , New Music on the Bayou, Ruston Artisans; Ruston, Louisiana;
 []


Overfull \hbox (0.31503pt too wide) in paragraph at lines 287--309
\TU/LinLibertine_R.otf(0)/m/it/12 Laptop As Dwelling\TU/LinLibertine_R.otf(0)/m/n/12 , California Electronic Music Exchange Concert – CalArts, April
 []




Package fancyhdr Warning: \headheight is too small (12.0pt): 
(fancyhdr)                Make it at least 14.49998pt, for example:
(fancyhdr)                \setlength{\headheight}{14.49998pt}.
(fancyhdr)                You might also make \topmargin smaller:
(fancyhdr)                \addtolength{\topmargin}{-2.49998pt}.

[6]
Package marginnote Info: Margin note 7.1 is on absolute page 7 on input line 313.
Package marginnote Info: right page because not two side mode on input line 313.
Package marginnote Info: xpos seems to be 100.01144pt on input line 313.
Package marginnote Info: Margin note 7.2 is on absolute page 8 on input line 315.
Package marginnote Info: right page because not two side mode on input line 315.
Package marginnote Info: xpos seems to be 100.01144pt on input line 315.
Package marginnote Info: Margin note 7.3 is on absolute page 8 on input line 317.
Package marginnote Info: right page because not two side mode on input line 317.
Package marginnote Info: xpos seems to be 100.01144pt on input line 317.
Package marginnote Info: Margin note 7.4 is on absolute page 8 on input line 319.
Package marginnote Info: right page because not two side mode on input line 319.
Package marginnote Info: xpos seems to be 100.01144pt on input line 319.
Package marginnote Info: Margin note 7.5 is on absolute page 8 on input line 321.
Package marginnote Info: right page because not two side mode on input line 321.
Package marginnote Info: xpos seems to be 100.01144pt on input line 321.
Package marginnote Info: Margin note 7.6 is on absolute page 8 on input line 323.
Package marginnote Info: right page because not two side mode on input line 323.
Package marginnote Info: xpos seems to be 100.01144pt on input line 323.

Overfull \hbox (0.73106pt too wide) in paragraph at lines 313--325
|[]\TU/LinLibertine_R.otf(0)/m/it/12 Member, Human–Computer Interaction Major Steering Committee\TU/LinLibertine_R.otf(0)/m/n/12 , Dakota State Uni-
 []




Package fancyhdr Warning: \headheight is too small (12.0pt): 
(fancyhdr)                Make it at least 14.49998pt, for example:
(fancyhdr)                \setlength{\headheight}{14.49998pt}.
(fancyhdr)                You might also make \topmargin smaller:
(fancyhdr)                \addtolength{\topmargin}{-2.49998pt}.

[7]
Package marginnote Info: Margin note 8.1 is on absolute page 8 on input line 329.
Package marginnote Info: right page because not two side mode on input line 329.
Package marginnote Info: xpos seems to be 100.01144pt on input line 329.
Package marginnote Info: Margin note 8.2 is on absolute page 8 on input line 334.
Package marginnote Info: right page because not two side mode on input line 334.
Package marginnote Info: xpos seems to be 100.01144pt on input line 334.
Package marginnote Info: Margin note 8.3 is on absolute page 8 on input line 339.
Package marginnote Info: right page because not two side mode on input line 339.
Package marginnote Info: xpos seems to be 100.01144pt on input line 339.

Overfull \hbox (4.05907pt too wide) in paragraph at lines 339--343
\TU/LinLibertine_R.otf(0)/m/n/12 Overview of \TU/LinLibertine_R.otf(0)/m/it/12 Resonant Landscapes\TU/LinLibertine_R.otf(0)/m/n/12 , highlighting the project’s experimental approach
 []

Package marginnote Info: Margin note 8.4 is on absolute page 9 on input line 353.
Package marginnote Info: right page because not two side mode on input line 353.
Package marginnote Info: xpos seems to be 100.01144pt on input line 353.



Package fancyhdr Warning: \headheight is too small (12.0pt): 
(fancyhdr)                Make it at least 14.49998pt, for example:
(fancyhdr)                \setlength{\headheight}{14.49998pt}.
(fancyhdr)                You might also make \topmargin smaller:
(fancyhdr)                \addtolength{\topmargin}{-2.49998pt}.

[8]
Package marginnote Info: Margin note 9.1 is on absolute page 9 on input line 354.
Package marginnote Info: right page because not two side mode on input line 354.
Package marginnote Info: xpos seems to be 100.01144pt on input line 354.
Package marginnote Info: Margin note 9.2 is on absolute page 9 on input line 361.
Package marginnote Info: right page because not two side mode on input line 361.
Package marginnote Info: xpos seems to be 100.01144pt on input line 361.
Package marginnote Info: Margin note 9.3 is on absolute page 9 on input line 362.
Package marginnote Info: right page because not two side mode on input line 362.
Package marginnote Info: xpos seems to be 100.01144pt on input line 362.

Overfull \hbox (13.86703pt too wide) in paragraph at lines 361--363
\TU/LinLibertine_R.otf(0)/m/n/12 NexusUI: Web Audio Interfaces – developer and maintainer [][]https://github.com/nexus-
 []


Underfull \hbox (badness 10000) in paragraph at lines 370--371

 []

Package marginnote Info: Margin note 9.4 is on absolute page 9 on input line 376.
Package marginnote Info: right page because not two side mode on input line 376.
Package marginnote Info: xpos seems to be 100.01144pt on input line 376.
Package marginnote Info: Margin note 9.5 is on absolute page 9 on input line 377.
Package marginnote Info: right page because not two side mode on input line 377.
Package marginnote Info: xpos seems to be 100.01144pt on input line 377.

Overfull \hbox (2.81903pt too wide) in paragraph at lines 381--381
[][]\TU/LinLibertine_R.otf(0)/m/sc/12 Select performances of creative improvisation compositions (New Orleans,
 []

Package marginnote Info: Margin note 9.6 is on absolute page 9 on input line 382.
Package marginnote Info: right page because not two side mode on input line 382.
Package marginnote Info: xpos seems to be 100.01144pt on input line 382.
Package marginnote Info: Margin note 9.7 is on absolute page 10 on input line 384.
Package marginnote Info: right page because not two side mode on input line 384.
Package marginnote Info: xpos seems to be 100.01144pt on input line 384.
Package marginnote Info: Margin note 9.8 is on absolute page 10 on input line 387.
Package marginnote Info: right page because not two side mode on input line 387.
Package marginnote Info: xpos seems to be 100.01144pt on input line 387.
Package marginnote Info: Margin note 9.9 is on absolute page 10 on input line 393.
Package marginnote Info: right page because not two side mode on input line 393.
Package marginnote Info: xpos seems to be 100.01144pt on input line 393.



Package fancyhdr Warning: \headheight is too small (12.0pt): 
(fancyhdr)                Make it at least 14.49998pt, for example:
(fancyhdr)                \setlength{\headheight}{14.49998pt}.
(fancyhdr)                You might also make \topmargin smaller:
(fancyhdr)                \addtolength{\topmargin}{-2.49998pt}.

[9]


Package fancyhdr Warning: \headheight is too small (12.0pt): 
(fancyhdr)                Make it at least 14.49998pt, for example:
(fancyhdr)                \setlength{\headheight}{14.49998pt}.
(fancyhdr)                You might also make \topmargin smaller:
(fancyhdr)                \addtolength{\topmargin}{-2.49998pt}.

[10]
Package marginnote Info: Margin note 11.1 is on absolute page 11 on input line 401.
Package marginnote Info: right page because not two side mode on input line 401.
Package marginnote Info: xpos seems to be 100.01144pt on input line 401.
Package marginnote Info: Margin note 11.2 is on absolute page 11 on input line 402.
Package marginnote Info: right page because not two side mode on input line 402.
Package marginnote Info: xpos seems to be 100.01144pt on input line 402.
Package marginnote Info: Margin note 11.3 is on absolute page 11 on input line 403.
Package marginnote Info: right page because not two side mode on input line 403.
Package marginnote Info: xpos seems to be 100.01144pt on input line 403.
Package marginnote Info: Margin note 11.4 is on absolute page 11 on input line 404.
Package marginnote Info: right page because not two side mode on input line 404.
Package marginnote Info: xpos seems to be 100.01144pt on input line 404.

Underfull \hbox (badness 10000) in paragraph at lines 401--405

 []

Package marginnote Info: Margin note 11.5 is on absolute page 11 on input line 407.
Package marginnote Info: right page because not two side mode on input line 407.
Package marginnote Info: xpos seems to be 100.01144pt on input line 407.
Package marginnote Info: Margin note 11.6 is on absolute page 11 on input line 408.
Package marginnote Info: right page because not two side mode on input line 408.
Package marginnote Info: xpos seems to be 100.01144pt on input line 408.

Underfull \hbox (badness 10000) in paragraph at lines 407--409

 []

Package marginnote Info: Margin note 11.7 is on absolute page 11 on input line 411.
Package marginnote Info: right page because not two side mode on input line 411.
Package marginnote Info: xpos seems to be 100.01144pt on input line 411.
Package marginnote Info: Margin note 11.8 is on absolute page 11 on input line 412.
Package marginnote Info: right page because not two side mode on input line 412.
Package marginnote Info: xpos seems to be 100.01144pt on input line 412.
Package marginnote Info: Margin note 11.9 is on absolute page 11 on input line 413.
Package marginnote Info: right page because not two side mode on input line 413.
Package marginnote Info: xpos seems to be 100.01144pt on input line 413.

Underfull \hbox (badness 10000) in paragraph at lines 411--414

 []

Package marginnote Info: Margin note 11.10 is on absolute page 11 on input line 416.
Package marginnote Info: right page because not two side mode on input line 416.
Package marginnote Info: xpos seems to be 100.01144pt on input line 416.
Package marginnote Info: Margin note 11.11 is on absolute page 11 on input line 417.
Package marginnote Info: right page because not two side mode on input line 417.
Package marginnote Info: xpos seems to be 100.01144pt on input line 417.
Package marginnote Info: Margin note 11.12 is on absolute page 11 on input line 418.
Package marginnote Info: right page because not two side mode on input line 418.
Package marginnote Info: xpos seems to be 100.01144pt on input line 418.

Underfull \hbox (badness 10000) in paragraph at lines 416--419

 []




Package fancyhdr Warning: \headheight is too small (12.0pt): 
(fancyhdr)                Make it at least 14.49998pt, for example:
(fancyhdr)                \setlength{\headheight}{14.49998pt}.
(fancyhdr)                You might also make \topmargin smaller:
(fancyhdr)                \addtolength{\topmargin}{-2.49998pt}.

[11] 
enddocument/afterlastpage (AED): lastpage setting LastPage.
(./Carson.CV.aux)
 ***********
LaTeX2e <2024-11-01> patch level 2
L3 programming layer <2025-01-18>
 ***********
Package rerunfilecheck Info: File `Carson.CV.out' has not changed.
(rerunfilecheck)             Checksum: D41D8CD98F00B204E9800998ECF8427E;0.
 ) 
Here is how much of TeX's memory you used:
 17981 strings out of 473832
 341071 string characters out of 5729482
 796829 words of memory out of 5000000
 40847 multiletter control sequences out of 15000+600000
 560268 words of font info for 66 fonts, out of 8000000 for 9000
 1348 hyphenation exceptions out of 8191
 79i,12n,93p,1052b,343s stack positions out of 10000i,1000n,20000p,200000b,200000s

Output written on Carson.CV.xdv (11 pages, 185644 bytes).
